[debug] [2026-06-26T19:40:46.956Z] ----------------------------------------------------------------------
[debug] [2026-06-26T19:40:46.959Z] Command:       /usr/local/bin/firebase /Users/carlosmaldonado/.cache/firebase/tools/lib/node_modules/firebase-tools/lib/bin/firebase projects:list
[debug] [2026-06-26T19:40:46.959Z] CLI Version:   12.7.0
[debug] [2026-06-26T19:40:46.960Z] Platform:      darwin
[debug] [2026-06-26T19:40:46.960Z] Node Version:  v16.16.0
[debug] [2026-06-26T19:40:46.962Z] Time:          Fri Jun 26 2026 12:40:46 GMT-0700 (Pacific Daylight Time)
[debug] [2026-06-26T19:40:46.962Z] ----------------------------------------------------------------------
[debug] 
[debug] [2026-06-26T19:40:47.080Z] > command requires scopes: ["email","openid","https://www.googleapis.com/auth/cloudplatformprojects.readonly","https://www.googleapis.com/auth/firebase","https://www.googleapis.com/auth/cloud-platform"]
[debug] [2026-06-26T19:40:47.081Z] > authorizing via signed-in user (enofferta@gmail.com)
[debug] [2026-06-26T19:40:47.084Z] > refreshing access token with scopes: []
[debug] [2026-06-26T19:40:47.086Z] >>> [apiv2][query] POST https://www.googleapis.com/oauth2/v3/token [none]
[debug] [2026-06-26T19:40:47.087Z] >>> [apiv2][body] POST https://www.googleapis.com/oauth2/v3/token [omitted]
[debug] [2026-06-26T19:40:47.271Z] <<< [apiv2][status] POST https://www.googleapis.com/oauth2/v3/token 400
[debug] [2026-06-26T19:40:47.274Z] <<< [apiv2][body] POST https://www.googleapis.com/oauth2/v3/token [omitted]
[debug] [2026-06-26T19:40:47.276Z] >>> [apiv2][query] GET https://firebase.googleapis.com/v1beta1/projects pageSize=1000
[debug] [2026-06-26T19:40:47.402Z] <<< [apiv2][status] GET https://firebase.googleapis.com/v1beta1/projects 401
[debug] [2026-06-26T19:40:47.404Z] <<< [apiv2][body] GET https://firebase.googleapis.com/v1beta1/projects [omitted]
[debug] [2026-06-26T19:40:47.405Z] HTTP Error: 401, Request had invalid authentication credentials. Expected OAuth 2 access token, login cookie or other valid authentication credential. See https://developers.google.com/identity/sign-in/web/devconsole-project.
[debug] [2026-06-26T19:40:47.561Z] FirebaseError: HTTP Error: 401, Request had invalid authentication credentials. Expected OAuth 2 access token, login cookie or other valid authentication credential. See https://developers.google.com/identity/sign-in/web/devconsole-project.
    at responseToError (/Users/carlosmaldonado/.cache/firebase/tools/lib/node_modules/firebase-tools/lib/responseToError.js:49:12)
    at RetryOperation._fn (/Users/carlosmaldonado/.cache/firebase/tools/lib/node_modules/firebase-tools/lib/apiv2.js:285:77)
    at processTicksAndRejections (node:internal/process/task_queues:96:5)
[error] 
[error] Error: Failed to list Firebase projects. See firebase-debug.log for more info.
